../Core/Src/LCD.c:19:6:LCD_WR_REG	16	static
../Core/Src/LCD.c:23:6:LCD_WR_DATA	16	static
../Core/Src/LCD.c:27:10:LCD_RD_DATA	16	static
../Core/Src/LCD.c:34:6:lcd_set_address	24	static
../Core/Src/LCD.c:48:6:lcd_set_cursor	16	static
../Core/Src/LCD.c:57:6:lcd_set_display_on	8	static
../Core/Src/LCD.c:61:6:lcd_set_display_off	8	static
../Core/Src/LCD.c:65:10:lcd_read_point	24	static
../Core/Src/LCD.c:82:6:lcd_clear	24	static
../Core/Src/LCD.c:101:6:lcd_fill	32	static
../Core/Src/LCD.c:119:6:lcd_draw_point	16	static
../Core/Src/LCD.c:133:6:lcd_draw_line	64	static
../Core/Src/LCD.c:177:6:lcd_draw_rectangle	32	static
../Core/Src/LCD.c:185:6:lcd_show_char	40	static
../Core/Src/LCD.c:230:10:mypow	24	static
../Core/Src/LCD.c:237:6:lcd_show_int_num	48	static
../Core/Src/LCD.c:256:6:lcd_show_float_num	56	static
../Core/Src/LCD.c:273:6:lcd_show_picture	40	static
../Core/Src/LCD.c:289:6:lcd_set_direction	16	static
../Core/Src/LCD.c:299:6:initializeLCD	8	static
../Core/Src/LCD.c:408:13:_draw_circle_8	24	static
../Core/Src/LCD.c:426:6:lcd_draw_circle	48	static
../Core/Src/LCD.c:459:6:lcd_show_string	56	static
../Core/Src/LCD.c:484:6:lcd_show_string_center	48	static
