Archive member included to satisfy reference by file (symbol)

/Applications/STM32CubeIDE.app/Contents/Eclipse/plugins/com.st.stm32cube.ide.mcu.externaltools.gnu-tools-for-stm32.12.3.rel1.macos64_1.0.100.202403111906/tools/bin/../lib/gcc/arm-none-eabi/12.3.1/../../../../arm-none-eabi/lib/thumb/v7e-m+fp/hard/libc_nano.a(libc_a-exit.o)
                              /Applications/STM32CubeIDE.app/Contents/Eclipse/plugins/com.st.stm32cube.ide.mcu.externaltools.gnu-tools-for-stm32.12.3.rel1.macos64_1.0.100.202403111906/tools/bin/../lib/gcc/arm-none-eabi/12.3.1/../../../../arm-none-eabi/lib/thumb/v7e-m+fp/hard/crt0.o (exit)
/Applications/STM32CubeIDE.app/Contents/Eclipse/plugins/com.st.stm32cube.ide.mcu.externaltools.gnu-tools-for-stm32.12.3.rel1.macos64_1.0.100.202403111906/tools/bin/../lib/gcc/arm-none-eabi/12.3.1/../../../../arm-none-eabi/lib/thumb/v7e-m+fp/hard/libc_nano.a(libc_a-findfp.o)
                              /Applications/STM32CubeIDE.app/Contents/Eclipse/plugins/com.st.stm32cube.ide.mcu.externaltools.gnu-tools-for-stm32.12.3.rel1.macos64_1.0.100.202403111906/tools/bin/../lib/gcc/arm-none-eabi/12.3.1/../../../../arm-none-eabi/lib/thumb/v7e-m+fp/hard/libc_nano.a(libc_a-exit.o) (__stdio_exit_handler)
/Applications/STM32CubeIDE.app/Contents/Eclipse/plugins/com.st.stm32cube.ide.mcu.externaltools.gnu-tools-for-stm32.12.3.rel1.macos64_1.0.100.202403111906/tools/bin/../lib/gcc/arm-none-eabi/12.3.1/../../../../arm-none-eabi/lib/thumb/v7e-m+fp/hard/libc_nano.a(libc_a-fwalk.o)
                              /Applications/STM32CubeIDE.app/Contents/Eclipse/plugins/com.st.stm32cube.ide.mcu.externaltools.gnu-tools-for-stm32.12.3.rel1.macos64_1.0.100.202403111906/tools/bin/../lib/gcc/arm-none-eabi/12.3.1/../../../../arm-none-eabi/lib/thumb/v7e-m+fp/hard/libc_nano.a(libc_a-findfp.o) (_fwalk_sglue)
/Applications/STM32CubeIDE.app/Contents/Eclipse/plugins/com.st.stm32cube.ide.mcu.externaltools.gnu-tools-for-stm32.12.3.rel1.macos64_1.0.100.202403111906/tools/bin/../lib/gcc/arm-none-eabi/12.3.1/../../../../arm-none-eabi/lib/thumb/v7e-m+fp/hard/libc_nano.a(libc_a-memset.o)
                              /Applications/STM32CubeIDE.app/Contents/Eclipse/plugins/com.st.stm32cube.ide.mcu.externaltools.gnu-tools-for-stm32.12.3.rel1.macos64_1.0.100.202403111906/tools/bin/../lib/gcc/arm-none-eabi/12.3.1/../../../../arm-none-eabi/lib/thumb/v7e-m+fp/hard/crt0.o (memset)
/Applications/STM32CubeIDE.app/Contents/Eclipse/plugins/com.st.stm32cube.ide.mcu.externaltools.gnu-tools-for-stm32.12.3.rel1.macos64_1.0.100.202403111906/tools/bin/../lib/gcc/arm-none-eabi/12.3.1/../../../../arm-none-eabi/lib/thumb/v7e-m+fp/hard/libc_nano.a(libc_a-impure.o)
                              /Applications/STM32CubeIDE.app/Contents/Eclipse/plugins/com.st.stm32cube.ide.mcu.externaltools.gnu-tools-for-stm32.12.3.rel1.macos64_1.0.100.202403111906/tools/bin/../lib/gcc/arm-none-eabi/12.3.1/../../../../arm-none-eabi/lib/thumb/v7e-m+fp/hard/libc_nano.a(libc_a-findfp.o) (_impure_data)
/Applications/STM32CubeIDE.app/Contents/Eclipse/plugins/com.st.stm32cube.ide.mcu.externaltools.gnu-tools-for-stm32.12.3.rel1.macos64_1.0.100.202403111906/tools/bin/../lib/gcc/arm-none-eabi/12.3.1/../../../../arm-none-eabi/lib/thumb/v7e-m+fp/hard/libc_nano.a(libc_a-errno.o)
                              ./Core/Src/syscalls.o (__errno)
/Applications/STM32CubeIDE.app/Contents/Eclipse/plugins/com.st.stm32cube.ide.mcu.externaltools.gnu-tools-for-stm32.12.3.rel1.macos64_1.0.100.202403111906/tools/bin/../lib/gcc/arm-none-eabi/12.3.1/../../../../arm-none-eabi/lib/thumb/v7e-m+fp/hard/libc_nano.a(libc_a-init.o)
                              /Applications/STM32CubeIDE.app/Contents/Eclipse/plugins/com.st.stm32cube.ide.mcu.externaltools.gnu-tools-for-stm32.12.3.rel1.macos64_1.0.100.202403111906/tools/bin/../lib/gcc/arm-none-eabi/12.3.1/../../../../arm-none-eabi/lib/thumb/v7e-m+fp/hard/crt0.o (__libc_init_array)
/Applications/STM32CubeIDE.app/Contents/Eclipse/plugins/com.st.stm32cube.ide.mcu.externaltools.gnu-tools-for-stm32.12.3.rel1.macos64_1.0.100.202403111906/tools/bin/../lib/gcc/arm-none-eabi/12.3.1/../../../../arm-none-eabi/lib/thumb/v7e-m+fp/hard/libc_nano.a(libc_a-lock.o)
                              /Applications/STM32CubeIDE.app/Contents/Eclipse/plugins/com.st.stm32cube.ide.mcu.externaltools.gnu-tools-for-stm32.12.3.rel1.macos64_1.0.100.202403111906/tools/bin/../lib/gcc/arm-none-eabi/12.3.1/../../../../arm-none-eabi/lib/thumb/v7e-m+fp/hard/libc_nano.a(libc_a-findfp.o) (__retarget_lock_init_recursive)
/Applications/STM32CubeIDE.app/Contents/Eclipse/plugins/com.st.stm32cube.ide.mcu.externaltools.gnu-tools-for-stm32.12.3.rel1.macos64_1.0.100.202403111906/tools/bin/../lib/gcc/arm-none-eabi/12.3.1/../../../../arm-none-eabi/lib/thumb/v7e-m+fp/hard/libc_nano.a(libc_a-strlen.o)
                              ./Core/Src/LCD.o (strlen)
[...]
Memory Configuration

Name             Origin             Length             Attributes
CCMRAM           0x10000000         0x00010000         xrw
RAM              0x20000000         0x00020000         xrw
FLASH            0x08000000         0x00100000         xr
*default*        0x00000000         0xffffffff

Linker script and memory map

LOAD /Applications/STM32CubeIDE.app/Contents/Eclipse/plugins/com.st.stm32cube.ide.mcu.externaltools.gnu-tools-for-stm32.12.3.rel1.macos64_1.0.100.202403111906/tools/bin/../lib/gcc/arm-none-eabi/12.3.1/thumb/v7e-m+fp/hard/crti.o
LOAD /Applications/STM32CubeIDE.app/Contents/Eclipse/plugins/com.st.stm32cube.ide.mcu.externaltools.gnu-tools-for-stm32.12.3.rel1.macos64_1.0.100.202403111906/tools/bin/../lib/gcc/arm-none-eabi/12.3.1/thumb/v7e-m+fp/hard/crtbegin.o
LOAD /Applications/STM32CubeIDE.app/Contents/Eclipse/plugins/com.st.stm32cube.ide.mcu.externaltools.gnu-tools-for-stm32.12.3.rel1.macos64_1.0.100.202403111906/tools/bin/../lib/gcc/arm-none-eabi/12.3.1/../../../../arm-none-eabi/lib/thumb/v7e-m+fp/hard/crt0.o
LOAD ./Core/Src/LCD.o
LOAD ./Core/Src/button.o
LOAD ./Core/Src/fsmc.o
LOAD ./Core/Src/gpio.o
LOAD ./Core/Src/led7Seg.o
LOAD ./Core/Src/main.o
LOAD ./Core/Src/picture.o
LOAD ./Core/Src/softwareTimer.o
LOAD ./Core/Src/spi.o
LOAD ./Core/Src/stm32f4xx_hal_msp.o
LOAD ./Core/Src/stm32f4xx_it.o
LOAD ./Core/Src/syscalls.o
LOAD ./Core/Src/sysmem.o
LOAD ./Core/Src/system_stm32f4xx.o
LOAD ./Core/Src/tim.o
LOAD ./Core/Startup/startup_stm32f407zgtx.o
LOAD ./Drivers/STM32F4xx_HAL_Driver/Src/stm32f4xx_hal.o
LOAD ./Drivers/STM32F4xx_HAL_Driver/Src/stm32f4xx_hal_cortex.o
LOAD ./Drivers/STM32F4xx_HAL_Driver/Src/stm32f4xx_hal_dma.o
LOAD ./Drivers/STM32F4xx_HAL_Driver/Src/stm32f4xx_hal_dma_ex.o
LOAD ./Drivers/STM32F4xx_HAL_Driver/Src/stm32f4xx_hal_exti.o
LOAD ./Drivers/STM32F4xx_HAL_Driver/Src/stm32f4xx_hal_flash.o
LOAD ./Drivers/STM32F4xx_HAL_Driver/Src/stm32f4xx_hal_flash_ex.o
LOAD ./Drivers/STM32F4xx_HAL_Driver/Src/stm32f4xx_hal_flash_ramfunc.o
LOAD ./Drivers/STM32F4xx_HAL_Driver/Src/stm32f4xx_hal_gpio.o
LOAD ./Drivers/STM32F4xx_HAL_Driver/Src/stm32f4xx_hal_pwr.o
LOAD ./Drivers/STM32F4xx_HAL_Driver/Src/stm32f4xx_hal_pwr_ex.o
LOAD ./Drivers/STM32F4xx_HAL_Driver/Src/stm32f4xx_hal_rcc.o
LOAD ./Drivers/STM32F4xx_HAL_Driver/Src/stm32f4xx_hal_rcc_ex.o
LOAD ./Drivers/STM32F4xx_HAL_Driver/Src/stm32f4xx_hal_spi.o
LOAD ./Drivers/STM32F4xx_HAL_Driver/Src/stm32f4xx_hal_sram.o
LOAD ./Drivers/STM32F4xx_HAL_Driver/Src/stm32f4xx_hal_tim.o
LOAD ./Drivers/STM32F4xx_HAL_Driver/Src/stm32f4xx_hal_tim_ex.o
LOAD ./Drivers/STM32F4xx_HAL_Driver/Src/stm32f4xx_ll_fsmc.o
START GROUP
LOAD /Applications/STM32CubeIDE.app/Contents/Eclipse/plugins/com.st.stm32cube.ide.mcu.externaltools.gnu-tools-for-stm32.12.3.rel1.macos64_1.0.100.202403111906/tools/bin/../lib/gcc/arm-none-eabi/12.3.1/../../../../arm-none-eabi/lib/thumb/v7e-m+fp/hard/libc_nano.a
LOAD /Applications/STM32CubeIDE.app/Contents/Eclipse/plugins/com.st.stm32cube.ide.mcu.externaltools.gnu-tools-for-stm32.12.3.rel1.macos64_1.0.100.202403111906/tools/bin/../lib/gcc/arm-none-eabi/12.3.1/../../../../arm-none-eabi/lib/thumb/v7e-m+fp/hard/libm.a
END GROUP
START GROUP
LOAD /Applications/STM32CubeIDE.app/Contents/Eclipse/plugins/com.st.stm32cube.ide.mcu.externaltools.gnu-tools-for-stm32.12.3.rel1.macos64_1.0.100.202403111906/tools/bin/../lib/gcc/arm-none-eabi/12.3.1/thumb/v7e-m+fp/hard/libgcc.a
LOAD /Applications/STM32CubeIDE.app/Contents/Eclipse/plugins/com.st.stm32cube.ide.mcu.externaltools.gnu-tools-for-stm32.12.3.rel1.macos64_1.0.100.202403111906/tools/bin/../lib/gcc/arm-none-eabi/12.3.1/../../../../arm-none-eabi/lib/thumb/v7e-m+fp/hard/libc_nano.a
END GROUP
START GROUP
LOAD /Applications/STM32CubeIDE.app/Contents/Eclipse/plugins/com.st.stm32cube.ide.mcu.externaltools.gnu-tools-for-stm32.12.3.rel1.macos64_1.0.100.202403111906/tools/bin/../lib/gcc/arm-none-eabi/12.3.1/thumb/v7e-m+fp/hard/libgcc.a
LOAD /Applications/STM32CubeIDE.app/Contents/Eclipse/plugins/com.st.stm32cube.ide.mcu.externaltools.gnu-tools-for-stm32.12.3.rel1.macos64_1.0.100.202403111906/tools/bin/../lib/gcc/arm-none-eabi/12.3.1/../../../../arm-none-eabi/lib/thumb/v7e-m+fp/hard/libc_nano.a
LOAD /Applications/STM32CubeIDE.app/Contents/Eclipse/plugins/com.st.stm32cube.ide.mcu.externaltools.gnu-tools-for-stm32.12.3.rel1.macos64_1.0.100.202403111906/tools/bin/../lib/gcc/arm-none-eabi/12.3.1/../../../../arm-none-eabi/lib/thumb/v7e-m+fp/hard/libnosys.a
END GROUP
START GROUP
LOAD /Applications/STM32CubeIDE.app/Contents/Eclipse/plugins/com.st.stm32cube.ide.mcu.externaltools.gnu-tools-for-stm32.12.3.rel1.macos64_1.0.100.202403111906/tools/bin/../lib/gcc/arm-none-eabi/12.3.1/thumb/v7e-m+fp/hard/libgcc.a
LOAD /Applications/STM32CubeIDE.app/Contents/Eclipse/plugins/com.st.stm32cube.ide.mcu.externaltools.gnu-tools-for-stm32.12.3.rel1.macos64_1.0.100.202403111906/tools/bin/../lib/gcc/arm-none-eabi/12.3.1/../../../../arm-none-eabi/lib/thumb/v7e-m+fp/hard/libc_nano.a
LOAD /Applications/STM32CubeIDE.app/Contents/Eclipse/plugins/com.st.stm32cube.ide.mcu.externaltools.gnu-tools-for-stm32.12.3.rel1.macos64_1.0.100.202403111906/tools/bin/../lib/gcc/arm-none-eabi/12.3.1/../../../../arm-none-eabi/lib/thumb/v7e-m+fp/hard/libnosys.a
END GROUP
LOAD /Applications/STM32CubeIDE.app/Contents/Eclipse/plugins/com.st.stm32cube.ide.mcu.externaltools.gnu-tools-for-stm32.12.3.rel1.macos64_1.0.100.202403111906/tools/bin/../lib/gcc/arm-none-eabi/12.3.1/thumb/v7e-m+fp/hard/crtend.o
LOAD /Applications/STM32CubeIDE.app/Contents/Eclipse/plugins/com.st.stm32cube.ide.mcu.externaltools.gnu-tools-for-stm32.12.3.rel1.macos64_1.0.100.202403111906/tools/bin/../lib/gcc/arm-none-eabi/12.3.1/thumb/v7e-m+fp/hard/crtn.o
                0x20020000                        _estack = (ORIGIN (RAM) + LENGTH (RAM))
                0x00000200                        _Min_Heap_Size = 0x200
                0x00000400                        _Min_Stack_Size = 0x400

.isr_vector     0x08000000      0x188
                0x08000000                        . = ALIGN (0x4)
 *(.isr_vector)
 .isr_vector    0x08000000      0x188 ./Core/Startup/startup_stm32f407zgtx.o
                0x08000000                g_pfnVectors
                0x08000188                        . = ALIGN (0x4)

.text           0x08000188     0x3e70
                0x08000188                        . = ALIGN (0x4)
 *(.text)
 .text          0x08000188       0x40 /Applications/STM32CubeIDE.app/Contents/Eclipse/plugins/com.st.stm32cube.ide.mcu.externaltools.gnu-tools-for-stm32.12.3.rel1.macos64_1.0.100.202403111906/tools/bin/../lib/gcc/arm-none-eabi/12.3.1/thumb/v7e-m+fp/hard/crtbegin.o
 .text          0x080001c8       0x10 /Applications/STM32CubeIDE.app/Contents/Eclipse/plugins/com.st.stm32cube.ide.mcu.externaltools.gnu-tools-for-stm32.12.3.rel1.macos64_1.0.100.202403111906/tools/bin/../lib/gcc/arm-none-eabi/12.3.1/../../../../arm-none-eabi/lib/thumb/v7e-m+fp/hard/libc_nano.a(libc_a-strlen.o)
                0x080001c8                strlen
 .text          0x080001d8       0x30 /Applications/STM32CubeIDE.app/Contents/Eclipse/plugins/com.st.stm32cube.ide.mcu.externaltools.gnu-tools-for-stm32.12.3.rel1.macos64_1.0.100.202403111906/tools/bin/../lib/gcc/arm-none-eabi/12.3.1/thumb/v7e-m+fp/hard/libgcc.a(_aeabi_uldivmod.o)
                0x080001d8                __aeabi_uldivmod
 .text          0x08000208      0x2bc /Applications/STM32CubeIDE.app/Contents/Eclipse/plugins/com.st.stm32cube.ide.mcu.externaltools.gnu-tools-for-stm32.12.3.rel1.macos64_1.0.100.202403111906/tools/bin/../lib/gcc/arm-none-eabi/12.3.1/thumb/v7e-m+fp/hard/libgcc.a(_udivmoddi4.o)
                0x08000208                __udivmoddi4
 .text          0x080004c4        0x4 /Applications/STM32CubeIDE.app/Contents/Eclipse/plugins/com.st.stm32cube.ide.mcu.externaltools.gnu-tools-for-stm32.12.3.rel1.macos64_1.0.100.202403111906/tools/bin/../lib/gcc/arm-none-eabi/12.3.1/thumb/v7e-m+fp/hard/libgcc.a(_dvmd_tls.o)
                0x080004c4                __aeabi_ldiv0
                0x080004c4                __aeabi_idiv0
 *(.text*)
 .text.LCD_WR_REG
                0x080004c8       0x20 ./Core/Src/LCD.o
                0x080004c8                LCD_WR_REG
 .text.LCD_WR_DATA
                0x080004e8       0x20 ./Core/Src/LCD.o
 .text.LCD_RD_DATA
                0x08000508       0x24 ./Core/Src/LCD.o
 .text.lcd_set_address
                0x0800052c       0x98 ./Core/Src/LCD.o
                0x0800052c                lcd_set_address
 .text.lcd_fill
                0x080005c4       0x6c ./Core/Src/LCD.o
                0x080005c4                lcd_fill
 .text.lcd_draw_point
                0x08000630       0x2e ./Core/Src/LCD.o
                0x08000630                lcd_draw_point
 .text.lcd_draw_line
                0x0800065e      0x108 ./Core/Src/LCD.o
                0x0800065e                lcd_draw_line
 .text.lcd_draw_rectangle
                0x08000766       0x6e ./Core/Src/LCD.o
                0x08000766                lcd_draw_rectangle
 .text.lcd_show_char
                0x080007d4      0x1a0 ./Core/Src/LCD.o
                0x080007d4                lcd_show_char
 .text.mypow    0x08000974       0x38 ./Core/Src/LCD.o
 .text.lcd_show_int_num
                0x080009ac       0xfc ./Core/Src/LCD.o
                0x080009ac                lcd_show_int_num
 .text.lcd_show_picture
                0x08000aa8       0xac ./Core/Src/LCD.o
                0x08000aa8                lcd_show_picture
 .text.lcd_set_direction
                0x08000b54       0x48 ./Core/Src/LCD.o
                0x08000b54                lcd_set_direction
 .text.initializeLCD
                0x08000b9c      0x2c0 ./Core/Src/LCD.o
                0x08000b9c                initializeLCD
 .text._draw_circle_8
                0x08000e5c      0x116 ./Core/Src/LCD.o
 .text.lcd_draw_circle
                0x08000f72       0xd8 ./Core/Src/LCD.o
                0x08000f72                lcd_draw_circle
 *fill*         0x0800104a        0x2 
 .text.lcd_show_string
                0x0800104c       0xc8 ./Core/Src/LCD.o
                0x0800104c                lcd_show_string
 .text.lcd_show_string_center
                0x08001114       0x64 ./Core/Src/LCD.o
                0x08001114                lcd_show_string_center
 .text.initializeButton
                0x08001178       0x18 ./Core/Src/button.o
                0x08001178                initializeButton
 .text.button_scan
                0x08001190       0xd8 ./Core/Src/button.o
                0x08001190                button_scan
 .text.MX_FSMC_Init
                0x08001268       0xf4 ./Core/Src/fsmc.o
                0x08001268                MX_FSMC_Init
 .text.HAL_FSMC_MspInit
                0x0800135c       0x98 ./Core/Src/fsmc.o
 .text.HAL_SRAM_MspInit
                0x080013f4       0x14 ./Core/Src/fsmc.o
                0x080013f4                HAL_SRAM_MspInit
 .text.MX_GPIO_Init
                0x08001408      0x1c0 ./Core/Src/gpio.o
                0x08001408                MX_GPIO_Init
 .text.intialize7Seg
                0x080015c8       0x18 ./Core/Src/led7Seg.o
                0x080015c8                intialize7Seg
 .text.main     0x080015e0       0x68 ./Core/Src/main.o
                0x080015e0                main
 .text.SystemClock_Config
                0x08001648       0xd4 ./Core/Src/main.o
                0x08001648                SystemClock_Config
 .text.debugProgram
                0x0800171c       0x14 ./Core/Src/main.o
                0x0800171c                debugProgram
 .text.systemInit
                0x08001730       0x20 ./Core/Src/main.o
                0x08001730                systemInit
 .text.TestButtonMatrix
                0x08001750       0x50 ./Core/Src/main.o
                0x08001750                TestButtonMatrix
 .text.TestLcd  0x080017a0       0x94 ./Core/Src/main.o
                0x080017a0                TestLcd
 .text.Error_Handler
                0x08001834        0xc ./Core/Src/main.o
                0x08001834                Error_Handler
 .text.initializeTimer2
                0x08001840       0x14 ./Core/Src/softwareTimer.o
                0x08001840                initializeTimer2
 .text.getFlagTimer2
                0x08001854       0x18 ./Core/Src/softwareTimer.o
                0x08001854                getFlagTimer2
 .text.setTimer2
                0x0800186c       0x28 ./Core/Src/softwareTimer.o
                0x0800186c                setTimer2
 .text.timerRun
                0x08001894       0x38 ./Core/Src/softwareTimer.o
                0x08001894                timerRun
 .text.HAL_TIM_PeriodElapsedCallback
                0x080018cc       0x14 ./Core/Src/softwareTimer.o
                0x080018cc                HAL_TIM_PeriodElapsedCallback
 .text.MX_SPI1_Init
                0x080018e0       0x6c ./Core/Src/spi.o
                0x080018e0                MX_SPI1_Init
 .text.HAL_SPI_MspInit
                0x0800194c       0x90 ./Core/Src/spi.o
                0x0800194c                HAL_SPI_MspInit
 .text.HAL_MspInit
                0x080019dc       0x50 ./Core/Src/stm32f4xx_hal_msp.o
                0x080019dc                HAL_MspInit
 .text.NMI_Handler
                0x08001a2c        0x8 ./Core/Src/stm32f4xx_it.o
                0x08001a2c                NMI_Handler
 .text.HardFault_Handler
                0x08001a34        0x8 ./Core/Src/stm32f4xx_it.o
                0x08001a34                HardFault_Handler
 .text.MemManage_Handler
                0x08001a3c        0x8 ./Core/Src/stm32f4xx_it.o
                0x08001a3c                MemManage_Handler
 .text.BusFault_Handler
                0x08001a44        0x8 ./Core/Src/stm32f4xx_it.o
                0x08001a44                BusFault_Handler
 .text.UsageFault_Handler
                0x08001a4c        0x8 ./Core/Src/stm32f4xx_it.o
                0x08001a4c                UsageFault_Handler
 .text.SVC_Handler
                0x08001a54        0xe ./Core/Src/stm32f4xx_it.o
                0x08001a54                SVC_Handler
 .text.DebugMon_Handler
                0x08001a62        0xe ./Core/Src/stm32f4xx_it.o
                0x08001a62                DebugMon_Handler
 .text.PendSV_Handler
                0x08001a70        0xe ./Core/Src/stm32f4xx_it.o
                0x08001a70                PendSV_Handler
 .text.SysTick_Handler
                0x08001a7e        0xc ./Core/Src/stm32f4xx_it.o
                0x08001a7e                SysTick_Handler
 *fill*         0x08001a8a        0x2 
 .text.TIM2_IRQHandler
                0x08001a8c       0x14 ./Core/Src/stm32f4xx_it.o
                0x08001a8c                TIM2_IRQHandler
 .text.SystemInit
                0x08001aa0       0x24 ./Core/Src/system_stm32f4xx.o
                0x08001aa0                SystemInit
 .text.MX_TIM2_Init
                0x08001ac4       0x98 ./Core/Src/tim.o
                0x08001ac4                MX_TIM2_Init
 .text.HAL_TIM_Base_MspInit
                0x08001b5c       0x4c ./Core/Src/tim.o
                0x08001b5c                HAL_TIM_Base_MspInit
 .text.Reset_Handler
                0x08001ba8       0x50 ./Core/Startup/startup_stm32f407zgtx.o
                0x08001ba8                Reset_Handler
 .text.Default_Handler
                0x08001bf8        0x2 ./Core/Startup/startup_stm32f407zgtx.o
                0x08001bf8                DMA1_Stream3_IRQHandler
                0x08001bf8                HASH_RNG_IRQHandler
                0x08001bf8                EXTI2_IRQHandler
                0x08001bf8                TIM8_CC_IRQHandler
                0x08001bf8                TIM1_CC_IRQHandler
                0x08001bf8                DMA2_Stream5_IRQHandler
                0x08001bf8                DMA1_Stream5_IRQHandler
                0x08001bf8                PVD_IRQHandler
                0x08001bf8                SDIO_IRQHandler
                0x08001bf8                TAMP_STAMP_IRQHandler
                0x08001bf8                CAN2_RX1_IRQHandler
                0x08001bf8                EXTI3_IRQHandler
                0x08001bf8                TIM8_TRG_COM_TIM14_IRQHandler
                0x08001bf8                TIM1_UP_TIM10_IRQHandler
                0x08001bf8                TIM8_UP_TIM13_IRQHandler
                0x08001bf8                I2C3_ER_IRQHandler
                0x08001bf8                EXTI0_IRQHandler
                0x08001bf8                I2C2_EV_IRQHandler
                0x08001bf8                DMA1_Stream2_IRQHandler
                0x08001bf8                CAN1_RX0_IRQHandler
                0x08001bf8                FPU_IRQHandler
                0x08001bf8                OTG_HS_WKUP_IRQHandler
                0x08001bf8                CAN2_SCE_IRQHandler
                0x08001bf8                DMA2_Stream2_IRQHandler
                0x08001bf8                SPI1_IRQHandler
                0x08001bf8                TIM6_DAC_IRQHandler
                0x08001bf8                TIM1_BRK_TIM9_IRQHandler
                0x08001bf8                DCMI_IRQHandler
                0x08001bf8                CAN2_RX0_IRQHandler
                0x08001bf8                DMA2_Stream3_IRQHandler
                0x08001bf8                USART6_IRQHandler
                0x08001bf8                USART3_IRQHandler
                0x08001bf8                CAN1_RX1_IRQHandler
                0x08001bf8                UART5_IRQHandler
                0x08001bf8                DMA2_Stream0_IRQHandler
                0x08001bf8                TIM4_IRQHandler
                0x08001bf8                I2C1_EV_IRQHandler
                0x08001bf8                DMA1_Stream6_IRQHandler
                0x08001bf8                DMA1_Stream1_IRQHandler
                0x08001bf8                UART4_IRQHandler
                0x08001bf8                TIM3_IRQHandler
                0x08001bf8                RCC_IRQHandler
                0x08001bf8                TIM8_BRK_TIM12_IRQHandler
                0x08001bf8                Default_Handler
                0x08001bf8                EXTI15_10_IRQHandler
                0x08001bf8                ADC_IRQHandler
                0x08001bf8                DMA1_Stream7_IRQHandler
                0x08001bf8                TIM7_IRQHandler
                0x08001bf8                CAN2_TX_IRQHandler
                0x08001bf8                TIM5_IRQHandler
                0x08001bf8                DMA2_Stream7_IRQHandler
                0x08001bf8                I2C3_EV_IRQHandler
                0x08001bf8                EXTI9_5_IRQHandler
                0x08001bf8                RTC_WKUP_IRQHandler
                0x08001bf8                ETH_WKUP_IRQHandler
                0x08001bf8                SPI2_IRQHandler
                0x08001bf8                OTG_HS_EP1_IN_IRQHandler
                0x08001bf8                DMA1_Stream0_IRQHandler
                0x08001bf8                CAN1_TX_IRQHandler
                0x08001bf8                EXTI4_IRQHandler
                0x08001bf8                FSMC_IRQHandler
                0x08001bf8                ETH_IRQHandler
                0x08001bf8                OTG_HS_EP1_OUT_IRQHandler
                0x08001bf8                WWDG_IRQHandler
                0x08001bf8                OTG_FS_WKUP_IRQHandler
                0x08001bf8                TIM1_TRG_COM_TIM11_IRQHandler
                0x08001bf8                OTG_HS_IRQHandler
                0x08001bf8                EXTI1_IRQHandler
                0x08001bf8                USART2_IRQHandler
                0x08001bf8                I2C2_ER_IRQHandler
                0x08001bf8                DMA2_Stream1_IRQHandler
                0x08001bf8                CAN1_SCE_IRQHandler
                0x08001bf8                FLASH_IRQHandler
                0x08001bf8                DMA2_Stream4_IRQHandler
                0x08001bf8                USART1_IRQHandler
                0x08001bf8                OTG_FS_IRQHandler
                0x08001bf8                SPI3_IRQHandler
                0x08001bf8                DMA1_Stream4_IRQHandler
                0x08001bf8                I2C1_ER_IRQHandler
                0x08001bf8                DMA2_Stream6_IRQHandler
                0x08001bf8                RTC_Alarm_IRQHandler
 *fill*         0x08001bfa        0x2 
 .text.HAL_Init
                0x08001bfc       0x44 ./Drivers/STM32F4xx_HAL_Driver/Src/stm32f4xx_hal.o
                0x08001bfc                HAL_Init
 .text.HAL_InitTick
                0x08001c40       0x60 ./Drivers/STM32F4xx_HAL_Driver/Src/stm32f4xx_hal.o
                0x08001c40                HAL_InitTick
 .text.HAL_IncTick
                0x08001ca0       0x28 ./Drivers/STM32F4xx_HAL_Driver/Src/stm32f4xx_hal.o
                0x08001ca0                HAL_IncTick
 .text.HAL_GetTick
                0x08001cc8       0x18 ./Drivers/STM32F4xx_HAL_Driver/Src/stm32f4xx_hal.o
                0x08001cc8                HAL_GetTick
 .text.HAL_Delay
                0x08001ce0       0x48 ./Drivers/STM32F4xx_HAL_Driver/Src/stm32f4xx_hal.o
                0x08001ce0                HAL_Delay
 .text.__NVIC_SetPriorityGrouping
                0x08001d28       0x48 ./Drivers/STM32F4xx_HAL_Driver/Src/stm32f4xx_hal_cortex.o
 .text.__NVIC_GetPriorityGrouping
                0x08001d70       0x1c ./Drivers/STM32F4xx_HAL_Driver/Src/stm32f4xx_hal_cortex.o
 .text.__NVIC_EnableIRQ
                0x08001d8c       0x3c ./Drivers/STM32F4xx_HAL_Driver/Src/stm32f4xx_hal_cortex.o
 .text.__NVIC_SetPriority
                0x08001dc8       0x54 ./Drivers/STM32F4xx_HAL_Driver/Src/stm32f4xx_hal_cortex.o
 .text.NVIC_EncodePriority
                0x08001e1c       0x66 ./Drivers/STM32F4xx_HAL_Driver/Src/stm32f4xx_hal_cortex.o
 *fill*         0x08001e82        0x2 
 .text.SysTick_Config
                0x08001e84       0x44 ./Drivers/STM32F4xx_HAL_Driver/Src/stm32f4xx_hal_cortex.o
 .text.HAL_NVIC_SetPriorityGrouping
                0x08001ec8       0x16 ./Drivers/STM32F4xx_HAL_Driver/Src/stm32f4xx_hal_cortex.o
                0x08001ec8                HAL_NVIC_SetPriorityGrouping
 .text.HAL_NVIC_SetPriority
                0x08001ede       0x38 ./Drivers/STM32F4xx_HAL_Driver/Src/stm32f4xx_hal_cortex.o
                0x08001ede                HAL_NVIC_SetPriority
 .text.HAL_NVIC_EnableIRQ
                0x08001f16       0x1c ./Drivers/STM32F4xx_HAL_Driver/Src/stm32f4xx_hal_cortex.o
                0x08001f16                HAL_NVIC_EnableIRQ
 .text.HAL_SYSTICK_Config
                0x08001f32       0x18 ./Drivers/STM32F4xx_HAL_Driver/Src/stm32f4xx_hal_cortex.o
                0x08001f32                HAL_SYSTICK_Config
 *fill*         0x08001f4a        0x2 
 .text.HAL_GPIO_Init
                0x08001f4c      0x338 ./Drivers/STM32F4xx_HAL_Driver/Src/stm32f4xx_hal_gpio.o
                0x08001f4c                HAL_GPIO_Init
 .text.HAL_GPIO_WritePin
                0x08002284       0x32 ./Drivers/STM32F4xx_HAL_Driver/Src/stm32f4xx_hal_gpio.o
                0x08002284                HAL_GPIO_WritePin
 .text.HAL_GPIO_TogglePin
                0x080022b6       0x34 ./Drivers/STM32F4xx_HAL_Driver/Src/stm32f4xx_hal_gpio.o
                0x080022b6                HAL_GPIO_TogglePin
 *fill*         0x080022ea        0x2 
 .text.HAL_RCC_OscConfig
                0x080022ec      0x4f0 ./Drivers/STM32F4xx_HAL_Driver/Src/stm32f4xx_hal_rcc.o
                0x080022ec                HAL_RCC_OscConfig
 .text.HAL_RCC_ClockConfig
                0x080027dc      0x1cc ./Drivers/STM32F4xx_HAL_Driver/Src/stm32f4xx_hal_rcc.o
                0x080027dc                HAL_RCC_ClockConfig
 .text.HAL_RCC_GetSysClockFreq
                0x080029a8      0x18c ./Drivers/STM32F4xx_HAL_Driver/Src/stm32f4xx_hal_rcc.o
                0x080029a8                HAL_RCC_GetSysClockFreq
 .text.HAL_SPI_Init
                0x08002b34      0x112 ./Drivers/STM32F4xx_HAL_Driver/Src/stm32f4xx_hal_spi.o
                0x08002b34                HAL_SPI_Init
 .text.HAL_SPI_Receive
                0x08002c46      0x230 ./Drivers/STM32F4xx_HAL_Driver/Src/stm32f4xx_hal_spi.o
                0x08002c46                HAL_SPI_Receive
 .text.HAL_SPI_TransmitReceive
                0x08002e76      0x360 ./Drivers/STM32F4xx_HAL_Driver/Src/stm32f4xx_hal_spi.o
                0x08002e76                HAL_SPI_TransmitReceive
 *fill*         0x080031d6        0x2 
 .text.SPI_WaitFlagStateUntilTimeout
                0x080031d8      0x110 ./Drivers/STM32F4xx_HAL_Driver/Src/stm32f4xx_hal_spi.o
 .text.SPI_EndRxTransaction
                0x080032e8       0xca ./Drivers/STM32F4xx_HAL_Driver/Src/stm32f4xx_hal_spi.o
 *fill*         0x080033b2        0x2 
 .text.SPI_EndRxTxTransaction
                0x080033b4       0xa8 ./Drivers/STM32F4xx_HAL_Driver/Src/stm32f4xx_hal_spi.o
 .text.HAL_SRAM_Init
                0x0800345c       0x90 ./Drivers/STM32F4xx_HAL_Driver/Src/stm32f4xx_hal_sram.o
                0x0800345c                HAL_SRAM_Init
 .text.HAL_TIM_Base_Init
                0x080034ec       0x9e ./Drivers/STM32F4xx_HAL_Driver/Src/stm32f4xx_hal_tim.o
                0x080034ec                HAL_TIM_Base_Init
 *fill*         0x0800358a        0x2 
 .text.HAL_TIM_Base_Start_IT
                0x0800358c       0xe0 ./Drivers/STM32F4xx_HAL_Driver/Src/stm32f4xx_hal_tim.o
                0x0800358c                HAL_TIM_Base_Start_IT
 .text.HAL_TIM_IRQHandler
                0x0800366c      0x1e0 ./Drivers/STM32F4xx_HAL_Driver/Src/stm32f4xx_hal_tim.o
                0x0800366c                HAL_TIM_IRQHandler
 .text.HAL_TIM_ConfigClockSource
                0x0800384c      0x18e ./Drivers/STM32F4xx_HAL_Driver/Src/stm32f4xx_hal_tim.o
                0x0800384c                HAL_TIM_ConfigClockSource
 .text.HAL_TIM_OC_DelayElapsedCallback
                0x080039da       0x14 ./Drivers/STM32F4xx_HAL_Driver/Src/stm32f4xx_hal_tim.o
                0x080039da                HAL_TIM_OC_DelayElapsedCallback
 .text.HAL_TIM_IC_CaptureCallback
                0x080039ee       0x14 ./Drivers/STM32F4xx_HAL_Driver/Src/stm32f4xx_hal_tim.o
                0x080039ee                HAL_TIM_IC_CaptureCallback
 .text.HAL_TIM_PWM_PulseFinishedCallback
                0x08003a02       0x14 ./Drivers/STM32F4xx_HAL_Driver/Src/stm32f4xx_hal_tim.o
                0x08003a02                HAL_TIM_PWM_PulseFinishedCallback
 .text.HAL_TIM_TriggerCallback
                0x08003a16       0x14 ./Drivers/STM32F4xx_HAL_Driver/Src/stm32f4xx_hal_tim.o
                0x08003a16                HAL_TIM_TriggerCallback
 *fill*         0x08003a2a        0x2 
 .text.TIM_Base_SetConfig
                0x08003a2c      0x158 ./Drivers/STM32F4xx_HAL_Driver/Src/stm32f4xx_hal_tim.o
                0x08003a2c                TIM_Base_SetConfig
 .text.TIM_TI1_ConfigInputStage
                0x08003b84       0x5e ./Drivers/STM32F4xx_HAL_Driver/Src/stm32f4xx_hal_tim.o
 .text.TIM_TI2_ConfigInputStage
                0x08003be2       0x60 ./Drivers/STM32F4xx_HAL_Driver/Src/stm32f4xx_hal_tim.o
 .text.TIM_ITRx_SetConfig
                0x08003c42       0x36 ./Drivers/STM32F4xx_HAL_Driver/Src/stm32f4xx_hal_tim.o
 .text.TIM_ETR_SetConfig
                0x08003c78       0x40 ./Drivers/STM32F4xx_HAL_Driver/Src/stm32f4xx_hal_tim.o
                0x08003c78                TIM_ETR_SetConfig
 .text.HAL_TIMEx_MasterConfigSynchronization
                0x08003cb8       0xf8 ./Drivers/STM32F4xx_HAL_Driver/Src/stm32f4xx_hal_tim_ex.o
                0x08003cb8                HAL_TIMEx_MasterConfigSynchronization
 .text.HAL_TIMEx_CommutCallback
                0x08003db0       0x14 ./Drivers/STM32F4xx_HAL_Driver/Src/stm32f4xx_hal_tim_ex.o
                0x08003db0                HAL_TIMEx_CommutCallback
 .text.HAL_TIMEx_BreakCallback
                0x08003dc4       0x14 ./Drivers/STM32F4xx_HAL_Driver/Src/stm32f4xx_hal_tim_ex.o
                0x08003dc4                HAL_TIMEx_BreakCallback
 .text.FSMC_NORSRAM_Init
                0x08003dd8       0xd4 ./Drivers/STM32F4xx_HAL_Driver/Src/stm32f4xx_ll_fsmc.o
                0x08003dd8                FSMC_NORSRAM_Init
 .text.FSMC_NORSRAM_Timing_Init
                0x08003eac       0x6a ./Drivers/STM32F4xx_HAL_Driver/Src/stm32f4xx_ll_fsmc.o
                0x08003eac                FSMC_NORSRAM_Timing_Init
 *fill*         0x08003f16        0x2 
 .text.FSMC_NORSRAM_Extended_Timing_Init
                0x08003f18       0x70 ./Drivers/STM32F4xx_HAL_Driver/Src/stm32f4xx_ll_fsmc.o
                0x08003f18                FSMC_NORSRAM_Extended_Timing_Init
 .text.memset   0x08003f88       0x10 /Applications/STM32CubeIDE.app/Contents/Eclipse/plugins/com.st.stm32cube.ide.mcu.externaltools.gnu-tools-for-stm32.12.3.rel1.macos64_1.0.100.202403111906/tools/bin/../lib/gcc/arm-none-eabi/12.3.1/../../../../arm-none-eabi/lib/thumb/v7e-m+fp/hard/libc_nano.a(libc_a-memset.o)
                0x08003f88                memset
 .text.__libc_init_array
                0x08003f98       0x48 /Applications/STM32CubeIDE.app/Contents/Eclipse/plugins/com.st.stm32cube.ide.mcu.externaltools.gnu-tools-for-stm32.12.3.rel1.macos64_1.0.100.202403111906/tools/bin/../lib/gcc/arm-none-eabi/12.3.1/../../../../arm-none-eabi/lib/thumb/v7e-m+fp/hard/libc_nano.a(libc_a-init.o)
                0x08003f98                __libc_init_array
 *(.glue_7)
 .glue_7        0x08003fe0        0x0 linker stubs
 *(.glue_7t)
 .glue_7t       0x08003fe0        0x0 linker stubs
 *(.eh_frame)
 .eh_frame      0x08003fe0        0x0 /Applications/STM32CubeIDE.app/Contents/Eclipse/plugins/com.st.stm32cube.ide.mcu.externaltools.gnu-tools-for-stm32.12.3.rel1.macos64_1.0.100.202403111906/tools/bin/../lib/gcc/arm-none-eabi/12.3.1/thumb/v7e-m+fp/hard/crtbegin.o
 *(.init)
 .init          0x08003fe0        0x4 /Applications/STM32CubeIDE.app/Contents/Eclipse/plugins/com.st.stm32cube.ide.mcu.externaltools.gnu-tools-for-stm32.12.3.rel1.macos64_1.0.100.202403111906/tools/bin/../lib/gcc/arm-none-eabi/12.3.1/thumb/v7e-m+fp/hard/crti.o
                0x08003fe0                _init
 .init          0x08003fe4        0x8 /Applications/STM32CubeIDE.app/Contents/Eclipse/plugins/com.st.stm32cube.ide.mcu.externaltools.gnu-tools-for-stm32.12.3.rel1.macos64_1.0.100.202403111906/tools/bin/../lib/gcc/arm-none-eabi/12.3.1/thumb/v7e-m+fp/hard/crtn.o
 *(.fini)
 .fini          0x08003fec        0x4 /Applications/STM32CubeIDE.app/Contents/Eclipse/plugins/com.st.stm32cube.ide.mcu.externaltools.gnu-tools-for-stm32.12.3.rel1.macos64_1.0.100.202403111906/tools/bin/../lib/gcc/arm-none-eabi/12.3.1/thumb/v7e-m+fp/hard/crti.o
                0x08003fec                _fini
 .fini          0x08003ff0        0x8 /Applications/STM32CubeIDE.app/Contents/Eclipse/plugins/com.st.stm32cube.ide.mcu.externaltools.gnu-tools-for-stm32.12.3.rel1.macos64_1.0.100.202403111906/tools/bin/../lib/gcc/arm-none-eabi/12.3.1/thumb/v7e-m+fp/hard/crtn.o
                0x08003ff8                        . = ALIGN (0x4)
                0x08003ff8                        _etext = .

.vfp11_veneer   0x08003ff8        0x0
 .vfp11_veneer  0x08003ff8        0x0 linker stubs

.v4_bx          0x08003ff8        0x0
 .v4_bx         0x08003ff8        0x0 linker stubs

.iplt           0x08003ff8        0x0
 .iplt          0x08003ff8        0x0 /Applications/STM32CubeIDE.app/Contents/Eclipse/plugins/com.st.stm32cube.ide.mcu.externaltools.gnu-tools-for-stm32.12.3.rel1.macos64_1.0.100.202403111906/tools/bin/../lib/gcc/arm-none-eabi/12.3.1/thumb/v7e-m+fp/hard/crtbegin.o

.rodata         0x08003ff8     0x6ef8
                0x08003ff8                        . = ALIGN (0x4)
 *(.rodata)
 .rodata        0x08003ff8       0x20 ./Core/Src/main.o
 *(.rodata*)
 .rodata.ascii_1608
                0x08004018      0x5f0 ./Core/Src/LCD.o
                0x08004018                ascii_1608
 .rodata.ascii_2412
                0x08004608     0x11d0 ./Core/Src/LCD.o
                0x08004608                ascii_2412
 .rodata.ascii_3216
                0x080057d8     0x17c0 ./Core/Src/LCD.o
                0x080057d8                ascii_3216
 .rodata.gImageLogo
                0x08006f98     0x3f48 ./Core/Src/picture.o
                0x08006f98                gImageLogo
 .rodata.AHBPrescTable
                0x0800aee0       0x10 ./Core/Src/system_stm32f4xx.o
                0x0800aee0                AHBPrescTable
                0x0800aef0                        . = ALIGN (0x4)

.ARM.extab      0x0800aef0        0x0
                0x0800aef0                        . = ALIGN (0x4)
 *(.ARM.extab* .gnu.linkonce.armextab.*)
                0x0800aef0                        . = ALIGN (0x4)

.ARM            0x0800aef0        0x8
                0x0800aef0                        . = ALIGN (0x4)
                0x0800aef0                        __exidx_start = .
 *(.ARM.exidx*)
 .ARM.exidx     0x0800aef0        0x8 /Applications/STM32CubeIDE.app/Contents/Eclipse/plugins/com.st.stm32cube.ide.mcu.externaltools.gnu-tools-for-stm32.12.3.rel1.macos64_1.0.100.202403111906/tools/bin/../lib/gcc/arm-none-eabi/12.3.1/../../../../arm-none-eabi/lib/thumb/v7e-m+fp/hard/libc_nano.a(libc_a-strlen.o)
 .ARM.exidx     0x0800aef8        0x0 /Applications/STM32CubeIDE.app/Contents/Eclipse/plugins/com.st.stm32cube.ide.mcu.externaltools.gnu-tools-for-stm32.12.3.rel1.macos64_1.0.100.202403111906/tools/bin/../lib/gcc/arm-none-eabi/12.3.1/thumb/v7e-m+fp/hard/libgcc.a(_udivmoddi4.o)
                                  0x8 (size before relaxing)
                0x0800aef8                        __exidx_end = .
                0x0800aef8                        . = ALIGN (0x4)

.preinit_array  0x0800aef8        0x0
                0x0800aef8                        . = ALIGN (0x4)
                0x0800aef8                        PROVIDE (__preinit_array_start = .)
 *(.preinit_array*)
                0x0800aef8                        PROVIDE (__preinit_array_end = .)
                0x0800aef8                        . = ALIGN (0x4)

.init_array     0x0800aef8        0x4
                0x0800aef8                        . = ALIGN (0x4)
                0x0800aef8                        PROVIDE (__init_array_start = .)
 *(SORT_BY_NAME(.init_array.*))
 *(.init_array*)
 .init_array    0x0800aef8        0x4 /Applications/STM32CubeIDE.app/Contents/Eclipse/plugins/com.st.stm32cube.ide.mcu.externaltools.gnu-tools-for-stm32.12.3.rel1.macos64_1.0.100.202403111906/tools/bin/../lib/gcc/arm-none-eabi/12.3.1/thumb/v7e-m+fp/hard/crtbegin.o
                0x0800aefc                        PROVIDE (__init_array_end = .)
                0x0800aefc                        . = ALIGN (0x4)

.fini_array     0x0800aefc        0x4
                0x0800aefc                        . = ALIGN (0x4)
                [!provide]                        PROVIDE (__fini_array_start = .)
 *(SORT_BY_NAME(.fini_array.*))
 *(.fini_array*)
 .fini_array    0x0800aefc        0x4 /Applications/STM32CubeIDE.app/Contents/Eclipse/plugins/com.st.stm32cube.ide.mcu.externaltools.gnu-tools-for-stm32.12.3.rel1.macos64_1.0.100.202403111906/tools/bin/../lib/gcc/arm-none-eabi/12.3.1/thumb/v7e-m+fp/hard/crtbegin.o
                [!provide]                        PROVIDE (__fini_array_end = .)
                0x0800af00                        . = ALIGN (0x4)
                0x0800af00                        _sidata = LOADADDR (.data)

.rel.dyn        0x0800af00        0x0
 .rel.iplt      0x0800af00        0x0 /Applications/STM32CubeIDE.app/Contents/Eclipse/plugins/com.st.stm32cube.ide.mcu.externaltools.gnu-tools-for-stm32.12.3.rel1.macos64_1.0.100.202403111906/tools/bin/../lib/gcc/arm-none-eabi/12.3.1/thumb/v7e-m+fp/hard/crtbegin.o

.data           0x20000000        0xc load address 0x0800af00
                0x20000000                        . = ALIGN (0x4)
                0x20000000                        _sdata = .
 *(.data)
 *(.data*)
 .data.SystemCoreClock
                0x20000000        0x4 ./Core/Src/system_stm32f4xx.o
                0x20000000                SystemCoreClock
 .data.uwTickPrio
                0x20000004        0x4 ./Drivers/STM32F4xx_HAL_Driver/Src/stm32f4xx_hal.o
                0x20000004                uwTickPrio
 .data.uwTickFreq
                0x20000008        0x1 ./Drivers/STM32F4xx_HAL_Driver/Src/stm32f4xx_hal.o
                0x20000008                uwTickFreq
 *(.RamFunc)
 *(.RamFunc*)
                0x2000000c                        . = ALIGN (0x4)
 *fill*         0x20000009        0x3 
                0x2000000c                        _edata = .
                0x0800af0c                        _siccmram = LOADADDR (.ccmram)

.igot.plt       0x2000000c        0x0 load address 0x0800af0c
 .igot.plt      0x2000000c        0x0 /Applications/STM32CubeIDE.app/Contents/Eclipse/plugins/com.st.stm32cube.ide.mcu.externaltools.gnu-tools-for-stm32.12.3.rel1.macos64_1.0.100.202403111906/tools/bin/../lib/gcc/arm-none-eabi/12.3.1/thumb/v7e-m+fp/hard/crtbegin.o

.ccmram         0x10000000        0x0 load address 0x0800af0c
                0x10000000                        . = ALIGN (0x4)
                0x10000000                        _sccmram = .
 *(.ccmram)
 *(.ccmram*)
                0x10000000                        . = ALIGN (0x4)
                0x10000000                        _eccmram = .
                0x10000000                        . = ALIGN (0x4)

.bss            0x2000000c      0x148
                0x2000000c                        _sbss = .
                0x2000000c                        __bss_start__ = _sbss
 *(.bss)
 .bss           0x2000000c       0x1c /Applications/STM32CubeIDE.app/Contents/Eclipse/plugins/com.st.stm32cube.ide.mcu.externaltools.gnu-tools-for-stm32.12.3.rel1.macos64_1.0.100.202403111906/tools/bin/../lib/gcc/arm-none-eabi/12.3.1/thumb/v7e-m+fp/hard/crtbegin.o
 *(.bss*)
 .bss.lcddev    0x20000028        0x6 ./Core/Src/LCD.o
                0x20000028                lcddev
 *fill*         0x2000002e        0x2 
 .bss.button_count
                0x20000030       0x20 ./Core/Src/button.o
                0x20000030                button_count
 .bss.button_spi_buffer
                0x20000050        0x2 ./Core/Src/button.o
 *fill*         0x20000052        0x2 
 .bss.hsram1    0x20000054       0x50 ./Core/Src/fsmc.o
                0x20000054                hsram1
 .bss.FSMC_Initialized
                0x200000a4        0x4 ./Core/Src/fsmc.o
 .bss.timer2_counter
                0x200000a8        0x4 ./Core/Src/softwareTimer.o
                0x200000a8                timer2_counter
 .bss.timer2_flag
                0x200000ac        0x1 ./Core/Src/softwareTimer.o
                0x200000ac                timer2_flag
 *fill*         0x200000ad        0x3 
 .bss.hspi1     0x200000b0       0x58 ./Core/Src/spi.o
                0x200000b0                hspi1
 .bss.htim2     0x20000108       0x48 ./Core/Src/tim.o
                0x20000108                htim2
 .bss.uwTick    0x20000150        0x4 ./Drivers/STM32F4xx_HAL_Driver/Src/stm32f4xx_hal.o
                0x20000150                uwTick
 *(COMMON)
                0x20000154                        . = ALIGN (0x4)
                0x20000154                        _ebss = .
                0x20000154                        __bss_end__ = _ebss

._user_heap_stack
                0x20000154      0x604
                0x20000158                        . = ALIGN (0x8)
 *fill*         0x20000154        0x4 
                [!provide]                        PROVIDE (end = .)
                0x20000158                        PROVIDE (_end = .)
                0x20000358                        . = (. + _Min_Heap_Size)
 *fill*         0x20000158      0x200 
                0x20000758                        . = (. + _Min_Stack_Size)
 *fill*         0x20000358      0x400 
                0x20000758                        . = ALIGN (0x8)

/DISCARD/
 libc.a(*)
 libm.a(*)
 libgcc.a(*)

.ARM.attributes
                0x00000000       0x30
 *(.ARM.attributes)
 .ARM.attributes
                0x00000000       0x22 /Applications/STM32CubeIDE.app/Contents/Eclipse/plugins/com.st.stm32cube.ide.mcu.externaltools.gnu-tools-for-stm32.12.3.rel1.macos64_1.0.100.202403111906/tools/bin/../lib/gcc/arm-none-eabi/12.3.1/thumb/v7e-m+fp/hard/crti.o
 .ARM.attributes
                0x00000022       0x34 /Applications/STM32CubeIDE.app/Contents/Eclipse/plugins/com.st.stm32cube.ide.mcu.externaltools.gnu-tools-for-stm32.12.3.rel1.macos64_1.0.100.202403111906/tools/bin/../lib/gcc/arm-none-eabi/12.3.1/thumb/v7e-m+fp/hard/crtbegin.o
 .ARM.attributes
                0x00000056       0x34 ./Core/Src/LCD.o
 .ARM.attributes
                0x0000008a       0x34 ./Core/Src/button.o
 .ARM.attributes
                0x000000be       0x34 ./Core/Src/fsmc.o
 .ARM.attributes
                0x000000f2       0x34 ./Core/Src/gpio.o
 .ARM.attributes
                0x00000126       0x34 ./Core/Src/led7Seg.o
 .ARM.attributes
                0x0000015a       0x34 ./Core/Src/main.o
 .ARM.attributes
                0x0000018e       0x34 ./Core/Src/picture.o
 .ARM.attributes
                0x000001c2       0x34 ./Core/Src/softwareTimer.o
 .ARM.attributes
                0x000001f6       0x34 ./Core/Src/spi.o
 .ARM.attributes
                0x0000022a       0x34 ./Core/Src/stm32f4xx_hal_msp.o
 .ARM.attributes
                0x0000025e       0x34 ./Core/Src/stm32f4xx_it.o
 .ARM.attributes
                0x00000292       0x34 ./Core/Src/system_stm32f4xx.o
 .ARM.attributes
                0x000002c6       0x34 ./Core/Src/tim.o
 .ARM.attributes
                0x000002fa       0x21 ./Core/Startup/startup_stm32f407zgtx.o
 .ARM.attributes
                0x0000031b       0x34 ./Drivers/STM32F4xx_HAL_Driver/Src/stm32f4xx_hal.o
 .ARM.attributes
                0x0000034f       0x34 ./Drivers/STM32F4xx_HAL_Driver/Src/stm32f4xx_hal_cortex.o
 .ARM.attributes
                0x00000383       0x34 ./Drivers/STM32F4xx_HAL_Driver/Src/stm32f4xx_hal_gpio.o
 .ARM.attributes
                0x000003b7       0x34 ./Drivers/STM32F4xx_HAL_Driver/Src/stm32f4xx_hal_rcc.o
 .ARM.attributes
                0x000003eb       0x34 ./Drivers/STM32F4xx_HAL_Driver/Src/stm32f4xx_hal_spi.o
 .ARM.attributes
                0x0000041f       0x34 ./Drivers/STM32F4xx_HAL_Driver/Src/stm32f4xx_hal_sram.o
 .ARM.attributes
                0x00000453       0x34 ./Drivers/STM32F4xx_HAL_Driver/Src/stm32f4xx_hal_tim.o
 .ARM.attributes
                0x00000487       0x34 ./Drivers/STM32F4xx_HAL_Driver/Src/stm32f4xx_hal_tim_ex.o
 .ARM.attributes
                0x000004bb       0x34 ./Drivers/STM32F4xx_HAL_Driver/Src/stm32f4xx_ll_fsmc.o
 .ARM.attributes
                0x000004ef       0x34 /Applications/STM32CubeIDE.app/Contents/Eclipse/plugins/com.st.stm32cube.ide.mcu.externaltools.gnu-tools-for-stm32.12.3.rel1.macos64_1.0.100.202403111906/tools/bin/../lib/gcc/arm-none-eabi/12.3.1/../../../../arm-none-eabi/lib/thumb/v7e-m+fp/hard/libc_nano.a(libc_a-memset.o)
 .ARM.attributes
                0x00000523       0x34 /Applications/STM32CubeIDE.app/Contents/Eclipse/plugins/com.st.stm32cube.ide.mcu.externaltools.gnu-tools-for-stm32.12.3.rel1.macos64_1.0.100.202403111906/tools/bin/../lib/gcc/arm-none-eabi/12.3.1/../../../../arm-none-eabi/lib/thumb/v7e-m+fp/hard/libc_nano.a(libc_a-init.o)
 .ARM.attributes
                0x00000557       0x17 /Applications/STM32CubeIDE.app/Contents/Eclipse/plugins/com.st.stm32cube.ide.mcu.externaltools.gnu-tools-for-stm32.12.3.rel1.macos64_1.0.100.202403111906/tools/bin/../lib/gcc/arm-none-eabi/12.3.1/../../../../arm-none-eabi/lib/thumb/v7e-m+fp/hard/libc_nano.a(libc_a-strlen.o)
 .ARM.attributes
                0x0000056e       0x22 /Applications/STM32CubeIDE.app/Contents/Eclipse/plugins/com.st.stm32cube.ide.mcu.externaltools.gnu-tools-for-stm32.12.3.rel1.macos64_1.0.100.202403111906/tools/bin/../lib/gcc/arm-none-eabi/12.3.1/thumb/v7e-m+fp/hard/libgcc.a(_aeabi_uldivmod.o)
 .ARM.attributes
                0x00000590       0x34 /Applications/STM32CubeIDE.app/Contents/Eclipse/plugins/com.st.stm32cube.ide.mcu.externaltools.gnu-tools-for-stm32.12.3.rel1.macos64_1.0.100.202403111906/tools/bin/../lib/gcc/arm-none-eabi/12.3.1/thumb/v7e-m+fp/hard/libgcc.a(_udivmoddi4.o)
 .ARM.attributes
                0x000005c4       0x22 /Applications/STM32CubeIDE.app/Contents/Eclipse/plugins/com.st.stm32cube.ide.mcu.externaltools.gnu-tools-for-stm32.12.3.rel1.macos64_1.0.100.202403111906/tools/bin/../lib/gcc/arm-none-eabi/12.3.1/thumb/v7e-m+fp/hard/libgcc.a(_dvmd_tls.o)
 .ARM.attributes
                0x000005e6       0x22 /Applications/STM32CubeIDE.app/Contents/Eclipse/plugins/com.st.stm32cube.ide.mcu.externaltools.gnu-tools-for-stm32.12.3.rel1.macos64_1.0.100.202403111906/tools/bin/../lib/gcc/arm-none-eabi/12.3.1/thumb/v7e-m+fp/hard/crtn.o
OUTPUT(lab3.elf elf32-littlearm)
LOAD linker stubs
LOAD /Applications/STM32CubeIDE.app/Contents/Eclipse/plugins/com.st.stm32cube.ide.mcu.externaltools.gnu-tools-for-stm32.12.3.rel1.macos64_1.0.100.202403111906/tools/bin/../lib/gcc/arm-none-eabi/12.3.1/../../../../arm-none-eabi/lib/thumb/v7e-m+fp/hard/libc.a
LOAD /Applications/STM32CubeIDE.app/Contents/Eclipse/plugins/com.st.stm32cube.ide.mcu.externaltools.gnu-tools-for-stm32.12.3.rel1.macos64_1.0.100.202403111906/tools/bin/../lib/gcc/arm-none-eabi/12.3.1/../../../../arm-none-eabi/lib/thumb/v7e-m+fp/hard/libm.a
LOAD /Applications/STM32CubeIDE.app/Contents/Eclipse/plugins/com.st.stm32cube.ide.mcu.externaltools.gnu-tools-for-stm32.12.3.rel1.macos64_1.0.100.202403111906/tools/bin/../lib/gcc/arm-none-eabi/12.3.1/thumb/v7e-m+fp/hard/libgcc.a

.debug_info     0x00000000     0xee99
 .debug_info    0x00000000      0xc29 ./Core/Src/LCD.o
 .debug_info    0x00000c29      0x76d ./Core/Src/button.o
 .debug_info    0x00001396      0x9ee ./Core/Src/fsmc.o
 .debug_info    0x00001d84      0x45d ./Core/Src/gpio.o
 .debug_info    0x000021e1      0x807 ./Core/Src/led7Seg.o
 .debug_info    0x000029e8      0x7da ./Core/Src/main.o
 .debug_info    0x000031c2       0x95 ./Core/Src/picture.o
 .debug_info    0x00003257      0x72b ./Core/Src/softwareTimer.o
 .debug_info    0x00003982      0x943 ./Core/Src/spi.o
 .debug_info    0x000042c5      0x269 ./Core/Src/stm32f4xx_hal_msp.o
 .debug_info    0x0000452e      0x6e1 ./Core/Src/stm32f4xx_it.o
 .debug_info    0x00004c0f      0x512 ./Core/Src/system_stm32f4xx.o
 .debug_info    0x00005121      0xc03 ./Core/Src/tim.o
 .debug_info    0x00005d24       0x30 ./Core/Startup/startup_stm32f407zgtx.o
 .debug_info    0x00005d54      0x944 ./Drivers/STM32F4xx_HAL_Driver/Src/stm32f4xx_hal.o
 .debug_info    0x00006698      0xd57 ./Drivers/STM32F4xx_HAL_Driver/Src/stm32f4xx_hal_cortex.o
 .debug_info    0x000073ef      0x6c3 ./Drivers/STM32F4xx_HAL_Driver/Src/stm32f4xx_hal_gpio.o
 .debug_info    0x00007ab2      0x8b1 ./Drivers/STM32F4xx_HAL_Driver/Src/stm32f4xx_hal_rcc.o
 .debug_info    0x00008363     0x15fb ./Drivers/STM32F4xx_HAL_Driver/Src/stm32f4xx_hal_spi.o
 .debug_info    0x0000995e      0xd39 ./Drivers/STM32F4xx_HAL_Driver/Src/stm32f4xx_hal_sram.o
 .debug_info    0x0000a697     0x299d ./Drivers/STM32F4xx_HAL_Driver/Src/stm32f4xx_hal_tim.o
 .debug_info    0x0000d034     0x14db ./Drivers/STM32F4xx_HAL_Driver/Src/stm32f4xx_hal_tim_ex.o
 .debug_info    0x0000e50f      0x98a ./Drivers/STM32F4xx_HAL_Driver/Src/stm32f4xx_ll_fsmc.o

.debug_abbrev   0x00000000     0x2ba8
 .debug_abbrev  0x00000000      0x328 ./Core/Src/LCD.o
 .debug_abbrev  0x00000328      0x1ce ./Core/Src/button.o
 .debug_abbrev  0x000004f6      0x212 ./Core/Src/fsmc.o
 .debug_abbrev  0x00000708      0x152 ./Core/Src/gpio.o
 .debug_abbrev  0x0000085a      0x1e1 ./Core/Src/led7Seg.o
 .debug_abbrev  0x00000a3b      0x283 ./Core/Src/main.o
 .debug_abbrev  0x00000cbe       0x72 ./Core/Src/picture.o
 .debug_abbrev  0x00000d30      0x1f2 ./Core/Src/softwareTimer.o
 .debug_abbrev  0x00000f22      0x1f3 ./Core/Src/spi.o
 .debug_abbrev  0x00001115       0xd8 ./Core/Src/stm32f4xx_hal_msp.o
 .debug_abbrev  0x000011ed      0x192 ./Core/Src/stm32f4xx_it.o
 .debug_abbrev  0x0000137f      0x11a ./Core/Src/system_stm32f4xx.o
 .debug_abbrev  0x00001499      0x1f7 ./Core/Src/tim.o
 .debug_abbrev  0x00001690       0x24 ./Core/Startup/startup_stm32f407zgtx.o
 .debug_abbrev  0x000016b4      0x214 ./Drivers/STM32F4xx_HAL_Driver/Src/stm32f4xx_hal.o
 .debug_abbrev  0x000018c8      0x328 ./Drivers/STM32F4xx_HAL_Driver/Src/stm32f4xx_hal_cortex.o
 .debug_abbrev  0x00001bf0      0x1d4 ./Drivers/STM32F4xx_HAL_Driver/Src/stm32f4xx_hal_gpio.o
 .debug_abbrev  0x00001dc4      0x2b6 ./Drivers/STM32F4xx_HAL_Driver/Src/stm32f4xx_hal_rcc.o
 .debug_abbrev  0x0000207a      0x284 ./Drivers/STM32F4xx_HAL_Driver/Src/stm32f4xx_hal_spi.o
 .debug_abbrev  0x000022fe      0x20c ./Drivers/STM32F4xx_HAL_Driver/Src/stm32f4xx_hal_sram.o
 .debug_abbrev  0x0000250a      0x278 ./Drivers/STM32F4xx_HAL_Driver/Src/stm32f4xx_hal_tim.o
 .debug_abbrev  0x00002782      0x283 ./Drivers/STM32F4xx_HAL_Driver/Src/stm32f4xx_hal_tim_ex.o
 .debug_abbrev  0x00002a05      0x1a3 ./Drivers/STM32F4xx_HAL_Driver/Src/stm32f4xx_ll_fsmc.o

.debug_aranges  0x00000000      0xef0
 .debug_aranges
                0x00000000       0xd8 ./Core/Src/LCD.o
 .debug_aranges
                0x000000d8       0x28 ./Core/Src/button.o
 .debug_aranges
                0x00000100       0x40 ./Core/Src/fsmc.o
 .debug_aranges
                0x00000140       0x20 ./Core/Src/gpio.o
 .debug_aranges
                0x00000160       0x48 ./Core/Src/led7Seg.o
 .debug_aranges
                0x000001a8       0x60 ./Core/Src/main.o
 .debug_aranges
                0x00000208       0x18 ./Core/Src/picture.o
 .debug_aranges
                0x00000220       0x40 ./Core/Src/softwareTimer.o
 .debug_aranges
                0x00000260       0x30 ./Core/Src/spi.o
 .debug_aranges
                0x00000290       0x20 ./Core/Src/stm32f4xx_hal_msp.o
 .debug_aranges
                0x000002b0       0x68 ./Core/Src/stm32f4xx_it.o
 .debug_aranges
                0x00000318       0x28 ./Core/Src/system_stm32f4xx.o
 .debug_aranges
                0x00000340       0x30 ./Core/Src/tim.o
 .debug_aranges
                0x00000370       0x28 ./Core/Startup/startup_stm32f407zgtx.o
 .debug_aranges
                0x00000398       0xf0 ./Drivers/STM32F4xx_HAL_Driver/Src/stm32f4xx_hal.o
 .debug_aranges
                0x00000488      0x120 ./Drivers/STM32F4xx_HAL_Driver/Src/stm32f4xx_hal_cortex.o
 .debug_aranges
                0x000005a8       0x58 ./Drivers/STM32F4xx_HAL_Driver/Src/stm32f4xx_hal_gpio.o
 .debug_aranges
                0x00000600       0x88 ./Drivers/STM32F4xx_HAL_Driver/Src/stm32f4xx_hal_rcc.o
 .debug_aranges
                0x00000688      0x1d0 ./Drivers/STM32F4xx_HAL_Driver/Src/stm32f4xx_hal_spi.o
 .debug_aranges
                0x00000858       0xb8 ./Drivers/STM32F4xx_HAL_Driver/Src/stm32f4xx_hal_sram.o
 .debug_aranges
                0x00000910      0x3d0 ./Drivers/STM32F4xx_HAL_Driver/Src/stm32f4xx_hal_tim.o
 .debug_aranges
                0x00000ce0      0x168 ./Drivers/STM32F4xx_HAL_Driver/Src/stm32f4xx_hal_tim_ex.o
 .debug_aranges
                0x00000e48       0xa8 ./Drivers/STM32F4xx_HAL_Driver/Src/stm32f4xx_ll_fsmc.o

.debug_rnglists
                0x00000000      0xb53
 .debug_rnglists
                0x00000000       0xa8 ./Core/Src/LCD.o
 .debug_rnglists
                0x000000a8       0x1a ./Core/Src/button.o
 .debug_rnglists
                0x000000c2       0x2d ./Core/Src/fsmc.o
 .debug_rnglists
                0x000000ef       0x14 ./Core/Src/gpio.o
 .debug_rnglists
                0x00000103       0x32 ./Core/Src/led7Seg.o
 .debug_rnglists
                0x00000135       0x45 ./Core/Src/main.o
 .debug_rnglists
                0x0000017a       0x2b ./Core/Src/softwareTimer.o
 .debug_rnglists
                0x000001a5       0x20 ./Core/Src/spi.o
 .debug_rnglists
                0x000001c5       0x13 ./Core/Src/stm32f4xx_hal_msp.o
 .debug_rnglists
                0x000001d8       0x49 ./Core/Src/stm32f4xx_it.o
 .debug_rnglists
                0x00000221       0x1a ./Core/Src/system_stm32f4xx.o
 .debug_rnglists
                0x0000023b       0x20 ./Core/Src/tim.o
 .debug_rnglists
                0x0000025b       0x19 ./Core/Startup/startup_stm32f407zgtx.o
 .debug_rnglists
                0x00000274       0xaf ./Drivers/STM32F4xx_HAL_Driver/Src/stm32f4xx_hal.o
 .debug_rnglists
                0x00000323       0xd4 ./Drivers/STM32F4xx_HAL_Driver/Src/stm32f4xx_hal_cortex.o
 .debug_rnglists
                0x000003f7       0x3f ./Drivers/STM32F4xx_HAL_Driver/Src/stm32f4xx_hal_gpio.o
 .debug_rnglists
                0x00000436       0x66 ./Drivers/STM32F4xx_HAL_Driver/Src/stm32f4xx_hal_rcc.o
 .debug_rnglists
                0x0000049c      0x16f ./Drivers/STM32F4xx_HAL_Driver/Src/stm32f4xx_hal_spi.o
 .debug_rnglists
                0x0000060b       0x8d ./Drivers/STM32F4xx_HAL_Driver/Src/stm32f4xx_hal_sram.o
 .debug_rnglists
                0x00000698      0x31a ./Drivers/STM32F4xx_HAL_Driver/Src/stm32f4xx_hal_tim.o
 .debug_rnglists
                0x000009b2      0x125 ./Drivers/STM32F4xx_HAL_Driver/Src/stm32f4xx_hal_tim_ex.o
 .debug_rnglists
                0x00000ad7       0x7c ./Drivers/STM32F4xx_HAL_Driver/Src/stm32f4xx_ll_fsmc.o

.debug_macro    0x00000000    0x2263b
 .debug_macro   0x00000000      0x321 ./Core/Src/LCD.o
 .debug_macro   0x00000321      0xab4 ./Core/Src/LCD.o
 .debug_macro   0x00000dd5      0x2a1 ./Core/Src/LCD.o
 .debug_macro   0x00001076       0x2e ./Core/Src/LCD.o
 .debug_macro   0x000010a4       0x2f ./Core/Src/LCD.o
 .debug_macro   0x000010d3       0x22 ./Core/Src/LCD.o
 .debug_macro   0x000010f5       0x8e ./Core/Src/LCD.o
 .debug_macro   0x00001183       0x51 ./Core/Src/LCD.o
 .debug_macro   0x000011d4      0x103 ./Core/Src/LCD.o
 .debug_macro   0x000012d7       0x6a ./Core/Src/LCD.o
 .debug_macro   0x00001341      0x1df ./Core/Src/LCD.o
 .debug_macro   0x00001520       0x1c ./Core/Src/LCD.o
 .debug_macro   0x0000153c       0x22 ./Core/Src/LCD.o
 .debug_macro   0x0000155e       0xfb ./Core/Src/LCD.o
 .debug_macro   0x00001659     0x1011 ./Core/Src/LCD.o
 .debug_macro   0x0000266a      0x11f ./Core/Src/LCD.o
 .debug_macro   0x00002789    0x15e97 ./Core/Src/LCD.o
 .debug_macro   0x00018620       0x6d ./Core/Src/LCD.o
 .debug_macro   0x0001868d     0x368c ./Core/Src/LCD.o
 .debug_macro   0x0001bd19      0x189 ./Core/Src/LCD.o
 .debug_macro   0x0001bea2       0x5c ./Core/Src/LCD.o
 .debug_macro   0x0001befe      0x980 ./Core/Src/LCD.o
 .debug_macro   0x0001c87e      0x9e9 ./Core/Src/LCD.o
 .debug_macro   0x0001d267      0x115 ./Core/Src/LCD.o
 .debug_macro   0x0001d37c      0x13e ./Core/Src/LCD.o
 .debug_macro   0x0001d4ba       0xa5 ./Core/Src/LCD.o
 .debug_macro   0x0001d55f      0x174 ./Core/Src/LCD.o
 .debug_macro   0x0001d6d3      0x287 ./Core/Src/LCD.o
 .debug_macro   0x0001d95a       0x5f ./Core/Src/LCD.o
 .debug_macro   0x0001d9b9      0x236 ./Core/Src/LCD.o
 .debug_macro   0x0001dbef      0x12c ./Core/Src/LCD.o
 .debug_macro   0x0001dd1b      0x21e ./Core/Src/LCD.o
 .debug_macro   0x0001df39       0x2e ./Core/Src/LCD.o
 .debug_macro   0x0001df67      0x516 ./Core/Src/LCD.o
 .debug_macro   0x0001e47d      0x127 ./Core/Src/LCD.o
 .debug_macro   0x0001e5a4       0x7e ./Core/Src/LCD.o
 .debug_macro   0x0001e622       0x89 ./Core/Src/LCD.o
 .debug_macro   0x0001e6ab      0x225 ./Core/Src/LCD.o
 .debug_macro   0x0001e8d0      0x8ed ./Core/Src/LCD.o
 .debug_macro   0x0001f1bd       0x4d ./Core/Src/LCD.o
 .debug_macro   0x0001f20a      0x12d ./Core/Src/LCD.o
 .debug_macro   0x0001f337       0x58 ./Core/Src/LCD.o
 .debug_macro   0x0001f38f       0x2a ./Core/Src/LCD.o
 .debug_macro   0x0001f3b9       0x61 ./Core/Src/LCD.o
 .debug_macro   0x0001f41a       0x43 ./Core/Src/LCD.o
 .debug_macro   0x0001f45d       0x34 ./Core/Src/LCD.o
 .debug_macro   0x0001f491       0x16 ./Core/Src/LCD.o
 .debug_macro   0x0001f4a7       0x35 ./Core/Src/LCD.o
 .debug_macro   0x0001f4dc       0x16 ./Core/Src/LCD.o
 .debug_macro   0x0001f4f2       0x43 ./Core/Src/LCD.o
 .debug_macro   0x0001f535       0x34 ./Core/Src/LCD.o
 .debug_macro   0x0001f569       0x10 ./Core/Src/LCD.o
 .debug_macro   0x0001f579       0x58 ./Core/Src/LCD.o
 .debug_macro   0x0001f5d1       0x8e ./Core/Src/LCD.o
 .debug_macro   0x0001f65f       0x1c ./Core/Src/LCD.o
 .debug_macro   0x0001f67b      0x177 ./Core/Src/LCD.o
 .debug_macro   0x0001f7f2      0x369 ./Core/Src/LCD.o
 .debug_macro   0x0001fb5b       0x16 ./Core/Src/LCD.o
 .debug_macro   0x0001fb71       0x29 ./Core/Src/LCD.o
 .debug_macro   0x0001fb9a       0x16 ./Core/Src/LCD.o
 .debug_macro   0x0001fbb0       0x20 ./Core/Src/LCD.o
 .debug_macro   0x0001fbd0       0xca ./Core/Src/LCD.o
 .debug_macro   0x0001fc9a      0x216 ./Core/Src/button.o
 .debug_macro   0x0001feb0      0x202 ./Core/Src/fsmc.o
 .debug_macro   0x000200b2      0x202 ./Core/Src/gpio.o
 .debug_macro   0x000202b4      0x20c ./Core/Src/led7Seg.o
 .debug_macro   0x000204c0      0x367 ./Core/Src/main.o
 .debug_macro   0x00020827       0x1b ./Core/Src/picture.o
 .debug_macro   0x00020842      0x20c ./Core/Src/softwareTimer.o
 .debug_macro   0x00020a4e      0x202 ./Core/Src/spi.o
 .debug_macro   0x00020c50      0x1f8 ./Core/Src/stm32f4xx_hal_msp.o
 .debug_macro   0x00020e48      0x202 ./Core/Src/stm32f4xx_it.o
 .debug_macro   0x0002104a      0x1e9 ./Core/Src/system_stm32f4xx.o
 .debug_macro   0x00021233      0x202 ./Core/Src/tim.o
 .debug_macro   0x00021435      0x249 ./Drivers/STM32F4xx_HAL_Driver/Src/stm32f4xx_hal.o
 .debug_macro   0x0002167e      0x1e9 ./Drivers/STM32F4xx_HAL_Driver/Src/stm32f4xx_hal_cortex.o
 .debug_macro   0x00021867      0x1ef ./Drivers/STM32F4xx_HAL_Driver/Src/stm32f4xx_hal_gpio.o
 .debug_macro   0x00021a56      0x20d ./Drivers/STM32F4xx_HAL_Driver/Src/stm32f4xx_hal_rcc.o
 .debug_macro   0x00021c63      0x1f8 ./Drivers/STM32F4xx_HAL_Driver/Src/stm32f4xx_hal_spi.o
 .debug_macro   0x00021e5b      0x1e9 ./Drivers/STM32F4xx_HAL_Driver/Src/stm32f4xx_hal_sram.o
 .debug_macro   0x00022044      0x1ea ./Drivers/STM32F4xx_HAL_Driver/Src/stm32f4xx_hal_tim.o
 .debug_macro   0x0002222e      0x1e9 ./Drivers/STM32F4xx_HAL_Driver/Src/stm32f4xx_hal_tim_ex.o
 .debug_macro   0x00022417      0x224 ./Drivers/STM32F4xx_HAL_Driver/Src/stm32f4xx_ll_fsmc.o

.debug_line     0x00000000    0x11c63
 .debug_line    0x00000000      0xf68 ./Core/Src/LCD.o
 .debug_line    0x00000f68      0x797 ./Core/Src/button.o
 .debug_line    0x000016ff      0x812 ./Core/Src/fsmc.o
 .debug_line    0x00001f11      0x75c ./Core/Src/gpio.o
 .debug_line    0x0000266d      0x803 ./Core/Src/led7Seg.o
 .debug_line    0x00002e70      0xa7b ./Core/Src/main.o
 .debug_line    0x000038eb       0x4f ./Core/Src/picture.o
 .debug_line    0x0000393a      0x796 ./Core/Src/softwareTimer.o
 .debug_line    0x000040d0      0x783 ./Core/Src/spi.o
 .debug_line    0x00004853      0x711 ./Core/Src/stm32f4xx_hal_msp.o
 .debug_line    0x00004f64      0x7ec ./Core/Src/stm32f4xx_it.o
 .debug_line    0x00005750      0x796 ./Core/Src/system_stm32f4xx.o
 .debug_line    0x00005ee6      0x77f ./Core/Src/tim.o
 .debug_line    0x00006665       0x7a ./Core/Startup/startup_stm32f407zgtx.o
 .debug_line    0x000066df      0x9ff ./Drivers/STM32F4xx_HAL_Driver/Src/stm32f4xx_hal.o
 .debug_line    0x000070de      0xcc7 ./Drivers/STM32F4xx_HAL_Driver/Src/stm32f4xx_hal_cortex.o
 .debug_line    0x00007da5      0xb8b ./Drivers/STM32F4xx_HAL_Driver/Src/stm32f4xx_hal_gpio.o
 .debug_line    0x00008930      0xd70 ./Drivers/STM32F4xx_HAL_Driver/Src/stm32f4xx_hal_rcc.o
 .debug_line    0x000096a0     0x1cfa ./Drivers/STM32F4xx_HAL_Driver/Src/stm32f4xx_hal_spi.o
 .debug_line    0x0000b39a      0xd14 ./Drivers/STM32F4xx_HAL_Driver/Src/stm32f4xx_hal_sram.o
 .debug_line    0x0000c0ae     0x37a3 ./Drivers/STM32F4xx_HAL_Driver/Src/stm32f4xx_hal_tim.o
 .debug_line    0x0000f851     0x19f5 ./Drivers/STM32F4xx_HAL_Driver/Src/stm32f4xx_hal_tim_ex.o
 .debug_line    0x00011246      0xa1d ./Drivers/STM32F4xx_HAL_Driver/Src/stm32f4xx_ll_fsmc.o

.debug_str      0x00000000    0xcdca1
 .debug_str     0x00000000    0xc9914 ./Core/Src/LCD.o
                              0xc9bbf (size before relaxing)
 .debug_str     0x000c9914      0x472 ./Core/Src/button.o
                              0xc69ad (size before relaxing)
 .debug_str     0x000c9d86      0x3eb ./Core/Src/fsmc.o
                              0xc6b66 (size before relaxing)
 .debug_str     0x000ca171       0x20 ./Core/Src/gpio.o
                              0xc6614 (size before relaxing)
 .debug_str     0x000ca191       0xe3 ./Core/Src/led7Seg.o
                              0xc6a23 (size before relaxing)
 .debug_str     0x000ca274      0x26b ./Core/Src/main.o
                              0xc9d81 (size before relaxing)
 .debug_str     0x000ca4df       0x20 ./Core/Src/picture.o
                               0x2e3b (size before relaxing)
 .debug_str     0x000ca4ff      0x2ec ./Core/Src/softwareTimer.o
                              0xc6a57 (size before relaxing)
 .debug_str     0x000ca7eb       0x4b ./Core/Src/spi.o
                              0xc6aa0 (size before relaxing)
 .debug_str     0x000ca836       0x2c ./Core/Src/stm32f4xx_hal_msp.o
                              0xc6549 (size before relaxing)
 .debug_str     0x000ca862       0xec ./Core/Src/stm32f4xx_it.o
                              0xc6a2d (size before relaxing)
 .debug_str     0x000ca94e       0xdb ./Core/Src/system_stm32f4xx.o
                              0xc64a7 (size before relaxing)
 .debug_str     0x000caa29      0x653 ./Core/Src/tim.o
                              0xc711e (size before relaxing)
 .debug_str     0x000cb07c       0x44 ./Core/Startup/startup_stm32f407zgtx.o
                                 0x82 (size before relaxing)
 .debug_str     0x000cb0c0      0x603 ./Drivers/STM32F4xx_HAL_Driver/Src/stm32f4xx_hal.o
                              0xc702b (size before relaxing)
 .debug_str     0x000cb6c3      0x33a ./Drivers/STM32F4xx_HAL_Driver/Src/stm32f4xx_hal_cortex.o
                              0xc6d75 (size before relaxing)
 .debug_str     0x000cb9fd      0x109 ./Drivers/STM32F4xx_HAL_Driver/Src/stm32f4xx_hal_gpio.o
                              0xc6622 (size before relaxing)
 .debug_str     0x000cbb06      0x233 ./Drivers/STM32F4xx_HAL_Driver/Src/stm32f4xx_hal_rcc.o
                              0xc68db (size before relaxing)
 .debug_str     0x000cbd39      0x581 ./Drivers/STM32F4xx_HAL_Driver/Src/stm32f4xx_hal_spi.o
                              0xc6d6b (size before relaxing)
 .debug_str     0x000cc2ba      0x1f0 ./Drivers/STM32F4xx_HAL_Driver/Src/stm32f4xx_hal_sram.o
                              0xc6aa5 (size before relaxing)
 .debug_str     0x000cc4aa      0xda8 ./Drivers/STM32F4xx_HAL_Driver/Src/stm32f4xx_hal_tim.o
                              0xc7831 (size before relaxing)
 .debug_str     0x000cd252      0x493 ./Drivers/STM32F4xx_HAL_Driver/Src/stm32f4xx_hal_tim_ex.o
                              0xc703d (size before relaxing)
 .debug_str     0x000cd6e5      0x5bc ./Drivers/STM32F4xx_HAL_Driver/Src/stm32f4xx_ll_fsmc.o
                              0xc6d12 (size before relaxing)

.comment        0x00000000       0x43
 .comment       0x00000000       0x43 ./Core/Src/LCD.o
                                 0x44 (size before relaxing)
 .comment       0x00000043       0x44 ./Core/Src/button.o
 .comment       0x00000043       0x44 ./Core/Src/fsmc.o
 .comment       0x00000043       0x44 ./Core/Src/gpio.o
 .comment       0x00000043       0x44 ./Core/Src/led7Seg.o
 .comment       0x00000043       0x44 ./Core/Src/main.o
 .comment       0x00000043       0x44 ./Core/Src/picture.o
 .comment       0x00000043       0x44 ./Core/Src/softwareTimer.o
 .comment       0x00000043       0x44 ./Core/Src/spi.o
 .comment       0x00000043       0x44 ./Core/Src/stm32f4xx_hal_msp.o
 .comment       0x00000043       0x44 ./Core/Src/stm32f4xx_it.o
 .comment       0x00000043       0x44 ./Core/Src/system_stm32f4xx.o
 .comment       0x00000043       0x44 ./Core/Src/tim.o
 .comment       0x00000043       0x44 ./Drivers/STM32F4xx_HAL_Driver/Src/stm32f4xx_hal.o
 .comment       0x00000043       0x44 ./Drivers/STM32F4xx_HAL_Driver/Src/stm32f4xx_hal_cortex.o
 .comment       0x00000043       0x44 ./Drivers/STM32F4xx_HAL_Driver/Src/stm32f4xx_hal_gpio.o
 .comment       0x00000043       0x44 ./Drivers/STM32F4xx_HAL_Driver/Src/stm32f4xx_hal_rcc.o
 .comment       0x00000043       0x44 ./Drivers/STM32F4xx_HAL_Driver/Src/stm32f4xx_hal_spi.o
 .comment       0x00000043       0x44 ./Drivers/STM32F4xx_HAL_Driver/Src/stm32f4xx_hal_sram.o
 .comment       0x00000043       0x44 ./Drivers/STM32F4xx_HAL_Driver/Src/stm32f4xx_hal_tim.o
 .comment       0x00000043       0x44 ./Drivers/STM32F4xx_HAL_Driver/Src/stm32f4xx_hal_tim_ex.o
 .comment       0x00000043       0x44 ./Drivers/STM32F4xx_HAL_Driver/Src/stm32f4xx_ll_fsmc.o

.debug_frame    0x00000000     0x3c5c
 .debug_frame   0x00000000      0x394 ./Core/Src/LCD.o
 .debug_frame   0x00000394       0x50 ./Core/Src/button.o
 .debug_frame   0x000003e4       0xbc ./Core/Src/fsmc.o
 .debug_frame   0x000004a0       0x34 ./Core/Src/gpio.o
 .debug_frame   0x000004d4       0xe8 ./Core/Src/led7Seg.o
 .debug_frame   0x000005bc      0x128 ./Core/Src/main.o
 .debug_frame   0x000006e4       0xb8 ./Core/Src/softwareTimer.o
 .debug_frame   0x0000079c       0x74 ./Core/Src/spi.o
 .debug_frame   0x00000810       0x38 ./Core/Src/stm32f4xx_hal_msp.o
 .debug_frame   0x00000848      0x120 ./Core/Src/stm32f4xx_it.o
 .debug_frame   0x00000968       0x58 ./Core/Src/system_stm32f4xx.o
 .debug_frame   0x000009c0       0x7c ./Core/Src/tim.o
 .debug_frame   0x00000a3c      0x374 ./Drivers/STM32F4xx_HAL_Driver/Src/stm32f4xx_hal.o
 .debug_frame   0x00000db0      0x4b8 ./Drivers/STM32F4xx_HAL_Driver/Src/stm32f4xx_hal_cortex.o
 .debug_frame   0x00001268      0x14c ./Drivers/STM32F4xx_HAL_Driver/Src/stm32f4xx_hal_gpio.o
 .debug_frame   0x000013b4      0x1f4 ./Drivers/STM32F4xx_HAL_Driver/Src/stm32f4xx_hal_rcc.o
 .debug_frame   0x000015a8      0x828 ./Drivers/STM32F4xx_HAL_Driver/Src/stm32f4xx_hal_spi.o
 .debug_frame   0x00001dd0      0x30c ./Drivers/STM32F4xx_HAL_Driver/Src/stm32f4xx_hal_sram.o
 .debug_frame   0x000020dc     0x11c0 ./Drivers/STM32F4xx_HAL_Driver/Src/stm32f4xx_hal_tim.o
 .debug_frame   0x0000329c      0x638 ./Drivers/STM32F4xx_HAL_Driver/Src/stm32f4xx_hal_tim_ex.o
 .debug_frame   0x000038d4      0x2dc ./Drivers/STM32F4xx_HAL_Driver/Src/stm32f4xx_ll_fsmc.o
 .debug_frame   0x00003bb0       0x20 /Applications/STM32CubeIDE.app/Contents/Eclipse/plugins/com.st.stm32cube.ide.mcu.externaltools.gnu-tools-for-stm32.12.3.rel1.macos64_1.0.100.202403111906/tools/bin/../lib/gcc/arm-none-eabi/12.3.1/../../../../arm-none-eabi/lib/thumb/v7e-m+fp/hard/libc_nano.a(libc_a-memset.o)
 .debug_frame   0x00003bd0       0x2c /Applications/STM32CubeIDE.app/Contents/Eclipse/plugins/com.st.stm32cube.ide.mcu.externaltools.gnu-tools-for-stm32.12.3.rel1.macos64_1.0.100.202403111906/tools/bin/../lib/gcc/arm-none-eabi/12.3.1/../../../../arm-none-eabi/lib/thumb/v7e-m+fp/hard/libc_nano.a(libc_a-init.o)
 .debug_frame   0x00003bfc       0x2c /Applications/STM32CubeIDE.app/Contents/Eclipse/plugins/com.st.stm32cube.ide.mcu.externaltools.gnu-tools-for-stm32.12.3.rel1.macos64_1.0.100.202403111906/tools/bin/../lib/gcc/arm-none-eabi/12.3.1/thumb/v7e-m+fp/hard/libgcc.a(_aeabi_uldivmod.o)
 .debug_frame   0x00003c28       0x34 /Applications/STM32CubeIDE.app/Contents/Eclipse/plugins/com.st.stm32cube.ide.mcu.externaltools.gnu-tools-for-stm32.12.3.rel1.macos64_1.0.100.202403111906/tools/bin/../lib/gcc/arm-none-eabi/12.3.1/thumb/v7e-m+fp/hard/libgcc.a(_udivmoddi4.o)

.debug_line_str
                0x00000000       0x66
 .debug_line_str
                0x00000000       0x66 ./Core/Startup/startup_stm32f407zgtx.o
